[(A_01 (R_01 0)),(A_02 (R_02 2 3)),(A_03 (R_03 4 10 11)),(A_04 (R_04 12 13 14 15)),(A_05 (R_05 16 17 18 38 39)),(A_10 (R_10 A_1)),(A_11 (R_11 A_1 13)),(A_12 (R_12 A_1 30 31)),(A_13 (R_13 A_1 33 34 35)),(A_14 (R_14 A_1 37 38 78 79)),(A_15 (R_15 A_1 82 83 42 86 87)),(A_20 (R_20 A_1 A_1)),(A_21 (R_21 A_1 A_1 51)),(A_22 (R_22 A_1 A_1 54 55)),(A_23 (R_23 A_1 A_1 58 118 119)),(A_24 (R_24 A_1 A_1 123 62 126 127)),(A_25 (R_25 A_1 A_1 131 132 133 134 135)),(A_30 (R_30 A_1 A_1 A_1)),(A_31 (R_31 A_1 A_1 A_1 75)),(A_32 (R_32 A_1 A_1 A_1 158 159)),(A_33 (R_33 A_1 A_1 A_1 82 166 167)),(A_34 (R_34 A_1 A_1 A_1 172 173 174 175)),(A_35 (R_35 A_1 A_1 A_1 179 180 181 182 183)),(A_40 (R_40 A_1 A_1 A_1 A_1)),(A_41 (R_41 A_1 A_1 A_1 A_1 199)),(A_42 (R_42 A_1 A_1 A_1 A_1 206 207)),(A_43 (R_43 A_1 A_1 A_1 A_1 213 214 215)),(A_44 (R_44 A_1 A_1 A_1 A_1 220 221 222 223)),(A_45 (R_45 A_1 A_1 A_1 A_1 228 229 230 462 463)),(A_50 (R_50 A_1 A_1 A_1 A_1 A_1)),(A_51 (R_51 A_1 A_1 A_1 A_1 A_1 247)),(A_52 (R_52 A_1 A_1 A_1 A_1 A_1 254 255)),(A_53 (R_53 A_1 A_1 A_1 A_1 A_1 261 262 263)),(A_54 (R_54 A_1 A_1 A_1 A_1 A_1 269 270 542 543)),(A_55 (R_55 A_1 A_1 A_1 A_1 A_1 276 277 278 558 559))]
halt at 1056
40612 221532 262144
