['H','e','l','l','o',' ','W','o','r','l','d','!','
']
halt at 1490
27516 234628 262144
