['H','e','l','l','o',' ','W','o','r','l','d','!','
']
halt at 4
23227 501061 524288
