[1993,1993,1,1993,1993]
halt at 4
162345 361943 524288
