[1993,1993,1,1993,1993]
halt at 4
174456 87688 262144
