(['I',' ','h','a','v','e',' ','o','n','l','y',' ','p','r','o','v','e','d',' ','i','t',' ','c','o','r','r','e','c','t','.'],['I',' ','h','a','v','e',' ','o','n','l','y',' ','p','r','o','v','e','d',' ','i','t',' ','c','o','r','r','e','c','t','.'])
halt at 4
919 523369 524288
