(_Tuple ['I',' ','h','a','v','e',' ','o','n','l','y',' ','p','r','o','v','e','d',' ','i','t',' ','c','o','r','r','e','c','t','.'] ['I',' ','h','a','v','e',' ','o','n','l','y',' ','p','r','o','v','e','d',' ','i','t',' ','c','o','r','r','e','c','t','.'])
halt at 883
919 261225 262144
