([37,37,37,37,37,37,37,37,37,37,37,37,37,37,37,37,37,37,37],([(IT1 37 '!'),(IT2 37 '!')],[(InternalType2 (IT1 37 '!') 1),(InternalType2 (IT2 37 '!') 2)]))
