[(Cons 1 (Cons 2 (Cons 3 Nil))),(Cons2 1 2 (Cons2 1 3 Nil)),(Cons3 1 2 3 (Cons3 1 2 4 Nil))]
halt at 4
102 262042 262144
