[2,7,1,8,2,8,1,8,2,8,4,5,9,0,4,5,2,3,5,3,6,0,2,8,7,4,7,1,3,5,2,6,6,2,4,9,7,7,5,7,2,4,7,0,9,3,6,9,9,9,5,9,5,7,4,9,6,6,9,6,7,6,2,7,7,2,4,0,7,6,6,3,0,3,5,3,5,4,7,5,9,4,5,7,1,3,8,2,1,7,8,5,2,5,1,6,6,4,2,7,4,2,7,4,6,6,3,9,1,9,3,2,0,0,3,0,5,9,9,2,1,8,1,7,4,1,3,5,9,6,6,2,9,0,4,3,5,7,2,9,0,0,3,3,4,2,9,5,2,6,0,5,9,5,6,3,0,7,3,8,1,3,2,3,2,8,6,2,7,9,4,3,4,9,0,7,6,3,2,3,3,8,2,9,8,8,0,7,5,3,1,9,5,2,5,1,0,1,9,0]
halt at 6
487559 36729 524288
