[(True,(UT11 1)),(False,(UT10 1)),(True,(UT10 1)),(True,(UT11 1)),(True,(UT211 2 1)),(False,(UT201 1 1)),(False,(UT201 2 1)),(True,(UT211 2 2)),(True,(UT3011 1 2 2)),(True,(UT3001 1 3 2)),(True,(UT3111 3 2 3)),(True,(UT3011 3 2 1)),(True,(UT3001 1 3 2)),(True,(UT3111 3 1 2))]
halt at 4
134 262010 262144
