[(True,(UT2 5)),(True,(UT1 10)),(False,(UT1 15)),(True,(UT2 20))]
halt at 6
56 524232 524288
