(square.2,sub5.3,(sub5.3 0 10),sumints.4,reverse.5,foldr.6,ap3.7)
halt at 6
16 262128 262144
