[(DV_Ok 37),(DV_Ok 37),(DV_Ok 37),(DV_Ok 37),(DV_Ok 37),(DV_Ok 37),(DV_Ok 37),(DV_Ok 37),(DV_Ok 37),(DV_Ok 37),(DV_Ok 37),(DV_Ok 37),(DV_Ok 37),(DV_Ok 37),(DV_Ok 37),(DV_Ok 37),(DV_Ok 37),(DV_Ok 37),(DV_Ok 37),(DV_Ok 37),(DV_Ok 37)]
