[10,12,17,7,1,11,19,18,3,8,4,6,5,14,15,16,2,9,13]
halt at 541
747 523541 524288
