["1235222211222222221122222222112222222211","1233913569024691356902469135690246913569","807803818366101506665142263149367437441208653362292333223746380111126352690","1886","518297851851829785185182978518518484","123579","122667","56144088","270","3"]
halt at 4
563 261581 262144
