(_Tuple 92 [4,2,7,3,6,8,5,1])
halt at 642
127583 1969569 2097152
