(92,[4,2,7,3,6,8,5,1])
halt at 6
127583 396705 524288
