([7,11,8,6,4,13,10,12,9,2,5,3,1],73712)
halt at 6
56134 206010 262144
