([4,2,7,3,6,8,5,1],92)
halt at 4
88115 174029 262144
