(_Tuple [[1,2,3,4,5,6],[0,1,2,3,4,5],[-1,0,1,2,3,4],[-2,-1,0,1,2,3],[-3,-2,-1,0,1,2],[-4,-3,-2,-1,0,1]] <unimplemented> [[0,1,0,0,0,-1],[1,0,1,1,0,1],[-1,0,1,-1,0,0],[-1,-1,-1,0,-1,0],[1,0,1,0,1,0],[0,-1,-1,1,0,1]] <unimplemented> [[0,-9,0,5,1,7],[0,-8,-1,4,1,6],[0,-7,-2,3,1,5],[0,-6,-3,2,1,4],[0,-5,-4,1,1,3],[0,-4,-5,0,1,2]])
halt at 6
1301 522987 524288
