[400,400,400,400,400,400,400,400,400,400,400,400,400,400,400,400,400,400,400,400]
halt at 139
11621863 961049 12582912
