[400,400,400,400,400,400,400,400,400,400,400,400,400,400,400,400,400,400,400,400]
halt at 4
5930592 360864 6291456
