[42,42,0,0.420000016689301,4.19999980926514,1,42.5400466918945,3.5,0,3.5,-1,0,1,3.5,0,-3.5,1,0,0,1,1,-1,3.62021970748901,1.57079637050629,0,0.785398185253143,5]
halt at 711
202 524086 524288
