[42,42,0,0.42,4.2,1,42.540042248726,3.5,0,3.5,-1,0,1,3.5,0,-3.5,1,0,0,1,1,-1,3.62021856711158,1.5707963267949,0,0.785398163397448,5]
halt at 6
202 261942 262144
