[(Record A C 0 37 '~' 3.70000004768372),(Record A C 0 37 '~' 4.19999980926514),(Record A C 0 37 '%' 3.70000004768372),(Record A C 0 37 '%' 4.19999980926514),(Record A C 0 42 '~' 3.70000004768372),(Record A C 0 42 '~' 4.19999980926514),(Record A C 0 42 '%' 3.70000004768372),(Record A C 0 42 '%' 4.19999980926514),(Record A C 1 37 '~' 3.70000004768372),(Record A C 1 37 '~' 4.19999980926514),(Record A C 1 37 '%' 3.70000004768372),(Record A C 1 37 '%' 4.19999980926514),(Record A C 1 42 '~' 3.70000004768372),(Record A C 1 42 '~' 4.19999980926514),(Record A C 1 42 '%' 3.70000004768372),(Record A C 1 42 '%' 4.19999980926514),(Record A D 0 37 '~' 3.70000004768372),(Record A D 0 37 '~' 4.19999980926514),(Record A D 0 37 '%' 3.70000004768372),(Record A D 0 37 '%' 4.19999980926514),(Record A D 0 42 '~' 3.70000004768372),(Record A D 0 42 '~' 4.19999980926514),(Record A D 0 42 '%' 3.70000004768372),(Record A D 0 42 '%' 4.19999980926514),(Record A D 1 37 '~' 3.70000004768372),(Record A D 1 37 '~' 4.19999980926514),(Record A D 1 37 '%' 3.70000004768372),(Record A D 1 37 '%' 4.19999980926514),(Record A D 1 42 '~' 3.70000004768372),(Record A D 1 42 '~' 4.19999980926514),(Record A D 1 42 '%' 3.70000004768372),(Record A D 1 42 '%' 4.19999980926514),(Record B C 0 37 '~' 3.70000004768372),(Record B C 0 37 '~' 4.19999980926514),(Record B C 0 37 '%' 3.70000004768372),(Record B C 0 37 '%' 4.19999980926514),(Record B C 0 42 '~' 3.70000004768372),(Record B C 0 42 '~' 4.19999980926514),(Record B C 0 42 '%' 3.70000004768372),(Record B C 0 42 '%' 4.19999980926514),(Record B C 1 37 '~' 3.70000004768372),(Record B C 1 37 '~' 4.19999980926514),(Record B C 1 37 '%' 3.70000004768372),(Record B C 1 37 '%' 4.19999980926514),(Record B C 1 42 '~' 3.70000004768372),(Record B C 1 42 '~' 4.19999980926514),(Record B C 1 42 '%' 3.70000004768372),(Record B C 1 42 '%' 4.19999980926514),(Record B D 0 37 '~' 3.70000004768372),(Record B D 0 37 '~' 4.19999980926514),(Record B D 0 37 '%' 3.70000004768372),(Record B D 0 37 '%' 4.19999980926514),(Record B D 0 42 '~' 3.70000004768372),(Record B D 0 42 '~' 4.19999980926514),(Record B D 0 42 '%' 3.70000004768372),(Record B D 0 42 '%' 4.19999980926514),(Record B D 1 37 '~' 3.70000004768372),(Record B D 1 37 '~' 4.19999980926514),(Record B D 1 37 '%' 3.70000004768372),(Record B D 1 37 '%' 4.19999980926514),(Record B D 1 42 '~' 3.70000004768372),(Record B D 1 42 '~' 4.19999980926514),(Record B D 1 42 '%' 3.70000004768372),(Record B D 1 42 '%' 4.19999980926514)]
halt at 4
246666 277622 524288
