[(Record A C 0 37 '~' 3.7),(Record A C 0 37 '~' 4.2),(Record A C 0 37 '%' 3.7),(Record A C 0 37 '%' 4.2),(Record A C 0 42 '~' 3.7),(Record A C 0 42 '~' 4.2),(Record A C 0 42 '%' 3.7),(Record A C 0 42 '%' 4.2),(Record A C 1 37 '~' 3.7),(Record A C 1 37 '~' 4.2),(Record A C 1 37 '%' 3.7),(Record A C 1 37 '%' 4.2),(Record A C 1 42 '~' 3.7),(Record A C 1 42 '~' 4.2),(Record A C 1 42 '%' 3.7),(Record A C 1 42 '%' 4.2),(Record A D 0 37 '~' 3.7),(Record A D 0 37 '~' 4.2),(Record A D 0 37 '%' 3.7),(Record A D 0 37 '%' 4.2),(Record A D 0 42 '~' 3.7),(Record A D 0 42 '~' 4.2),(Record A D 0 42 '%' 3.7),(Record A D 0 42 '%' 4.2),(Record A D 1 37 '~' 3.7),(Record A D 1 37 '~' 4.2),(Record A D 1 37 '%' 3.7),(Record A D 1 37 '%' 4.2),(Record A D 1 42 '~' 3.7),(Record A D 1 42 '~' 4.2),(Record A D 1 42 '%' 3.7),(Record A D 1 42 '%' 4.2),(Record B C 0 37 '~' 3.7),(Record B C 0 37 '~' 4.2),(Record B C 0 37 '%' 3.7),(Record B C 0 37 '%' 4.2),(Record B C 0 42 '~' 3.7),(Record B C 0 42 '~' 4.2),(Record B C 0 42 '%' 3.7),(Record B C 0 42 '%' 4.2),(Record B C 1 37 '~' 3.7),(Record B C 1 37 '~' 4.2),(Record B C 1 37 '%' 3.7),(Record B C 1 37 '%' 4.2),(Record B C 1 42 '~' 3.7),(Record B C 1 42 '~' 4.2),(Record B C 1 42 '%' 3.7),(Record B C 1 42 '%' 4.2),(Record B D 0 37 '~' 3.7),(Record B D 0 37 '~' 4.2),(Record B D 0 37 '%' 3.7),(Record B D 0 37 '%' 4.2),(Record B D 0 42 '~' 3.7),(Record B D 0 42 '~' 4.2),(Record B D 0 42 '%' 3.7),(Record B D 0 42 '%' 4.2),(Record B D 1 37 '~' 3.7),(Record B D 1 37 '~' 4.2),(Record B D 1 37 '%' 3.7),(Record B D 1 37 '%' 4.2),(Record B D 1 42 '~' 3.7),(Record B D 1 42 '~' 4.2),(Record B D 1 42 '%' 3.7),(Record B D 1 42 '%' 4.2)]
