(_Tuple 92 [4,2,7,3,6,8,5,1])
halt at 505
22449 2074703 2097152
