([4,2,7,3,6,8,5,1],92)
halt at 4
22449 239695 262144
