{T2 (T1 37 False '1') 1,T2 (T1 42 True '2') 2,T2 (T1 99 True '9') 3,T2 (T1 42 True '2') 2,T2 (T1 37 False '1') 1,T2 (T1 42 True '2') 2,T2 (T1 37 False '1') 1,T2 (T1 42 True '2') 2,T2 (T1 37 False '1') 1,T2 (T1 42 True '2') 2,T2 (T1 37 False '1') 1}
halt at 50
88 524200 524288
