[[0,16,100,13,20,20],[19,0,100,5,4,9],[11,27,0,24,31,31],[18,3,100,0,7,7],[15,4,100,1,0,8],[11,17,100,14,21,0]]
halt at 758
2817 2094335 2097152
