[(1,[3,6,101],(123,234)),(102,[6,3,1],(456,567)),(1,[3,6,103],(1001,1002)),(104,[6,3,1],(2001,2002))]
