[(_Tuple 1 [3,6,101] (_Tuple 123 234)),(_Tuple 102 [6,3,1] (_Tuple 456 567)),(_Tuple 1 [3,6,103] (_Tuple 1001 1002)),(_Tuple 104 [6,3,1] (_Tuple 2001 2002))]
halt at 646
206 524082 524288
